
> my-app@0.0.0 build
> vite build

[36mvite v7.3.1 [32mbuilding client environment for production...[36m[39m
transforming...
[32mΓ£ô[39m 3247 modules transformed.
rendering chunks...
computing gzip size...
[2mdist/[22m[32mregisterSW.js                                  [39m[1m[2m  0.13 kB[22m[1m[22m
[2mdist/[22m[32mmanifest.webmanifest                           [39m[1m[2m  0.44 kB[22m[1m[22m
[2mdist/[22m[32mindex.html                                     [39m[1m[2m  5.50 kB[22m[1m[22m[2m Γöé gzip:   2.06 kB[22m
[2mdist/[22m[35massets/index-DlVjZA_q.css                      [39m[1m[2m181.93 kB[22m[1m[22m[2m Γöé gzip:  29.43 kB[22m
[2mdist/[22m[36massets/constructNow-DpHiesnO.js                [39m[1m[2m  0.09 kB[22m[1m[22m[2m Γöé gzip:   0.10 kB[22m
[2mdist/[22m[36massets/loader-circle-g4zh04Vl.js               [39m[1m[2m  0.14 kB[22m[1m[22m[2m Γöé gzip:   0.15 kB[22m
[2mdist/[22m[36massets/plus-Cp1qD5qO.js                        [39m[1m[2m  0.15 kB[22m[1m[22m[2m Γöé gzip:   0.15 kB[22m
[2mdist/[22m[36massets/x-LcnmjWCf.js                           [39m[1m[2m  0.16 kB[22m[1m[22m[2m Γöé gzip:   0.15 kB[22m
[2mdist/[22m[36massets/arrow-right-DTHheV9P.js                 [39m[1m[2m  0.17 kB[22m[1m[22m[2m Γöé gzip:   0.16 kB[22m
[2mdist/[22m[36massets/arrow-left-C294rM8A.js                  [39m[1m[2m  0.17 kB[22m[1m[22m[2m Γöé gzip:   0.16 kB[22m
[2mdist/[22m[36massets/differenceInCalendarMonths-BqMy_hSg.js  [39m[1m[2m  0.17 kB[22m[1m[22m[2m Γöé gzip:   0.16 kB[22m
[2mdist/[22m[36massets/circle-check-big-Doc-TPIK.js            [39m[1m[2m  0.19 kB[22m[1m[22m[2m Γöé gzip:   0.18 kB[22m
[2mdist/[22m[36massets/chevron-down-Blq5Vwm_.js                [39m[1m[2m  0.21 kB[22m[1m[22m[2m Γöé gzip:   0.18 kB[22m
[2mdist/[22m[36massets/target-BMt3uIjp.js                      [39m[1m[2m  0.22 kB[22m[1m[22m[2m Γöé gzip:   0.16 kB[22m
[2mdist/[22m[36massets/upload-Dsyx4aHE.js                      [39m[1m[2m  0.23 kB[22m[1m[22m[2m Γöé gzip:   0.19 kB[22m
[2mdist/[22m[36massets/pen-DYFJdVzR.js                         [39m[1m[2m  0.24 kB[22m[1m[22m[2m Γöé gzip:   0.20 kB[22m
[2mdist/[22m[36massets/graduation-cap-CRGmLK_i.js              [39m[1m[2m  0.33 kB[22m[1m[22m[2m Γöé gzip:   0.25 kB[22m
[2mdist/[22m[36massets/minus-6H_g_h83.js                       [39m[1m[2m  0.34 kB[22m[1m[22m[2m Γöé gzip:   0.26 kB[22m
[2mdist/[22m[36massets/user-DXLmanSo.js                        [39m[1m[2m  0.35 kB[22m[1m[22m[2m Γöé gzip:   0.27 kB[22m
[2mdist/[22m[36massets/file-text-gPkzQM7f.js                   [39m[1m[2m  0.39 kB[22m[1m[22m[2m Γöé gzip:   0.25 kB[22m
[2mdist/[22m[36massets/endOfMonth-B5PU8eKJ.js                  [39m[1m[2m  0.43 kB[22m[1m[22m[2m Γöé gzip:   0.32 kB[22m
[2mdist/[22m[36massets/submit-button-Dab8sYOE.js               [39m[1m[2m  0.48 kB[22m[1m[22m[2m Γöé gzip:   0.30 kB[22m
[2mdist/[22m[36massets/sparkles--I6SKY_V.js                    [39m[1m[2m  0.50 kB[22m[1m[22m[2m Γöé gzip:   0.28 kB[22m
[2mdist/[22m[36massets/card-ANI60I8i.js                        [39m[1m[2m  0.89 kB[22m[1m[22m[2m Γöé gzip:   0.38 kB[22m
[2mdist/[22m[36massets/useLocalStorage-DFqLAev5.js             [39m[1m[2m  0.91 kB[22m[1m[22m[2m Γöé gzip:   0.46 kB[22m
[2mdist/[22m[36massets/NotFound-CXJc2mZ7.js                    [39m[1m[2m  1.21 kB[22m[1m[22m[2m Γöé gzip:   0.57 kB[22m
[2mdist/[22m[36massets/label-C35UW4cZ.js                       [39m[1m[2m  1.71 kB[22m[1m[22m[2m Γöé gzip:   0.87 kB[22m
[2mdist/[22m[36massets/AddSubjectModal-CiF8i8D0.js             [39m[1m[2m  1.83 kB[22m[1m[22m[2m Γöé gzip:   0.89 kB[22m
[2mdist/[22m[36massets/notifications-CkP018cg.js               [39m[1m[2m  3.54 kB[22m[1m[22m[2m Γöé gzip:   1.74 kB[22m
[2mdist/[22m[36massets/tabs-B9iy7da2.js                        [39m[1m[2m  5.61 kB[22m[1m[22m[2m Γöé gzip:   2.26 kB[22m
[2mdist/[22m[36massets/Report-CDSUQu-Q.js                      [39m[1m[2m  6.12 kB[22m[1m[22m[2m Γöé gzip:   1.97 kB[22m
[2mdist/[22m[36massets/en-US-Cl63xfEk.js                       [39m[1m[2m  7.81 kB[22m[1m[22m[2m Γöé gzip:   2.84 kB[22m
[2mdist/[22m[36massets/LoginPage-DVMO9AEg.js                   [39m[1m[2m  9.95 kB[22m[1m[22m[2m Γöé gzip:   3.24 kB[22m
[2mdist/[22m[36massets/format-CCByb1j6.js                      [39m[1m[2m 12.53 kB[22m[1m[22m[2m Γöé gzip:   3.46 kB[22m
[2mdist/[22m[36massets/SmartAdvisor-wNQ2MCvk.js                [39m[1m[2m 15.32 kB[22m[1m[22m[2m Γöé gzip:   4.56 kB[22m
[2mdist/[22m[36massets/FocusMode-CmFz72y8.js                   [39m[1m[2m 16.10 kB[22m[1m[22m[2m Γöé gzip:   5.28 kB[22m
[2mdist/[22m[36massets/select-DB6XJrR0.js                      [39m[1m[2m 23.27 kB[22m[1m[22m[2m Γöé gzip:   8.15 kB[22m
[2mdist/[22m[36massets/ProgressTracker-4hVWOaOJ.js             [39m[1m[2m 26.51 kB[22m[1m[22m[2m Γöé gzip:   6.14 kB[22m
[2mdist/[22m[36massets/Resources-By6Ip6_A.js                   [39m[1m[2m 29.12 kB[22m[1m[22m[2m Γöé gzip:   8.49 kB[22m
[2mdist/[22m[36massets/Settings-DeSQxGcJ.js                    [39m[1m[2m 31.17 kB[22m[1m[22m[2m Γöé gzip:   8.38 kB[22m
[2mdist/[22m[36massets/StudyPlanner-A4QhmHRy.js                [39m[1m[2m 34.10 kB[22m[1m[22m[2m Γöé gzip:   7.73 kB[22m
[2mdist/[22m[36massets/AttendanceTracker-F766sYJi.js           [39m[1m[2m106.26 kB[22m[1m[22m[2m Γöé gzip:  31.10 kB[22m
[2mdist/[22m[36massets/Dashboard-C122vZx0.js                   [39m[1m[2m205.89 kB[22m[1m[22m[2m Γöé gzip:  66.68 kB[22m
[2mdist/[22m[36massets/index-CvJ6phKB.js                       [39m[1m[33m585.12 kB[39m[22m[2m Γöé gzip: 183.05 kB[22m
node.exe : [33m
At line:1 char:1
+ & "C:\Program 
Files\nodejs/node.exe" 
"C:\Program 
Files\nodejs/node_mo ...
+ ~~~~~~~~~~~~~~~~~~~~~~~~~
~~~~~~~~~~~~~~~~~~~~~~~~~~~
~~~~~~~~~~~~~~~~~
    + CategoryInfo         
     : NotSpecified: ([3  
  3m:String) [], RemoteE   
 xception
    + FullyQualifiedErrorI 
   d : NativeCommandError
 
(!) Some chunks are larger 
than 500 kB after 
minification. Consider:
- Using dynamic import() 
to code-split the 
application
- Use build.rollupOptions.o
utput.manualChunks to 
improve chunking: https://r
ollupjs.org/configuration-o
ptions/#output-manualchunks
- Adjust chunk size limit 
for this warning via build.
chunkSizeWarningLimit.[39m
[32mΓ£ô built in 7.49s[39m

PWA v1.2.0
mode      generateSW
precache  47 entries (1286.58 KiB)
files generated
  dist/sw.js
  dist/workbox-8c29f6e4.js
